I'm sorry, but errors were detected in your script. Please correct the
errors listed below, and try again.


File "game/script.rpy", line 35: expected ':' not found.
    transform mystmoveup
                        ^

Ren'Py Version: Ren'Py 8.0.3.22090809
Mon Oct  3 13:00:20 2022
